// Jest Snapshot v1, https://goo.gl/fbAQLP

exports[`Eaters matches snapshot 1`] = `
ShallowWrapper {
  "length": 1,
  Symbol(enzyme.__root__): [Circular],
  Symbol(enzyme.__unrendered__): <Eaters
    eaters={
      Array [
        Object {
          "eater_name": "netmomo",
          "host": "::1",
          "port": 53013,
        },
      ]
    }
  />,
  Symbol(enzyme.__renderer__): Object {
    "batchedUpdates": [Function],
    "getNode": [Function],
    "render": [Function],
    "simulateEvent": [Function],
    "unmount": [Function],
  },
  Symbol(enzyme.__node__): Object {
    "instance": null,
    "key": null,
    "nodeType": "class",
    "props": Object {
      "bordered": false,
      "className": "",
      "columns": Array [
        Object {
          "dataIndex": "eater_name",
          "title": "Name",
        },
        Object {
          "dataIndex": "host",
          "title": "Host",
        },
        Object {
          "dataIndex": "port",
          "title": "Port",
        },
      ],
      "dataSource": Array [
        Object {
          "eater_name": "netmomo",
          "host": "::1",
          "port": 53013,
        },
      ],
      "indentSize": 20,
      "loading": false,
      "locale": Object {},
      "pagination": false,
      "prefixCls": "ant-table",
      "rowKey": [Function],
      "rowSelection": null,
      "showHeader": true,
      "size": "middle",
      "useFixedHeader": false,
    },
    "ref": null,
    "rendered": null,
    "type": [Function],
  },
  Symbol(enzyme.__nodes__): Array [
    Object {
      "instance": null,
      "key": null,
      "nodeType": "class",
      "props": Object {
        "bordered": false,
        "className": "",
        "columns": Array [
          Object {
            "dataIndex": "eater_name",
            "title": "Name",
          },
          Object {
            "dataIndex": "host",
            "title": "Host",
          },
          Object {
            "dataIndex": "port",
            "title": "Port",
          },
        ],
        "dataSource": Array [
          Object {
            "eater_name": "netmomo",
            "host": "::1",
            "port": 53013,
          },
        ],
        "indentSize": 20,
        "loading": false,
        "locale": Object {},
        "pagination": false,
        "prefixCls": "ant-table",
        "rowKey": [Function],
        "rowSelection": null,
        "showHeader": true,
        "size": "middle",
        "useFixedHeader": false,
      },
      "ref": null,
      "rendered": null,
      "type": [Function],
    },
  ],
  Symbol(enzyme.__options__): Object {
    "adapter": ReactFifteenAdapter {
      "options": Object {
        "supportPrevContextArgumentOfComponentDidUpdate": true,
      },
    },
  },
}
`;
